// Jest Snapshot v1, https://goo.gl/fbAQLP

exports[`<Footer /> should render correctly 1`] = `
<div
  class="footer"
>
  <div
    class="container"
  >
    footer.text
  </div>
</div>
`;
